// Jest Snapshot v1, https://goo.gl/fbAQLP

exports[`Test Details screen renders Details correctly 1`] = `
<View
  style={
    Object {
      "flex": 1,
    }
  }
>
  <View
    style={
      Object {
        "alignItems": "center",
        "flex": 1,
        "justifyContent": "center",
      }
    }
  >
    <ActivityIndicator
      size="large"
    />
    <Text
      style={
        Object {
          "color": "black",
          "fontSize": 20,
        }
      }
    >
      Loading...
    </Text>
  </View>
</View>
`;
